// Jest Snapshot v1, https://goo.gl/fbAQLP

exports[`LiftsList 1`] = `
<div
  className="MuiPaper-root-1 MuiPaper-elevation0-3 MuiPaper-rounded-2"
>
  <nav
    className="MuiList-root-28 MuiList-padding-29"
  >
    <div
      className="MuiPaper-root-1 MuiPaper-elevation1-4 MuiPaper-rounded-2"
    >
      <a
        className="MuiButtonBase-root-42 MuiListItem-root-32 MuiListItem-default-35 MuiListItem-gutters-39 MuiListItem-button-40"
        href="#/73"
        onBlur={[Function]}
        onFocus={[Function]}
        onKeyDown={[Function]}
        onKeyUp={[Function]}
        onMouseDown={[Function]}
        onMouseLeave={[Function]}
        onMouseUp={[Function]}
        onTouchEnd={[Function]}
        onTouchMove={[Function]}
        onTouchStart={[Function]}
        role="button"
        tabIndex="0"
      >
        <div
          className="MuiListItemText-root-45 MuiListItemText-inset-46"
        >
          <h3
            className="MuiTypography-root-51 MuiTypography-subheading-58 MuiListItemText-primary-48"
          >
            Squats
          </h3>
          <p
            className="MuiTypography-root-51 MuiTypography-body1-60 MuiTypography-colorTextSecondary-73 MuiListItemText-secondary-49"
          >
            300 lbs
          </p>
        </div>
        <span
          className="MuiTouchRipple-root-75"
        />
      </a>
    </div>
  </nav>
</div>
`;
